// Jest Snapshot v1, https://goo.gl/fbAQLP

exports[`Accordeon Renders correclty with provided props 1`] = `ShallowWrapper {}`;
