// Jest Snapshot v1, https://goo.gl/fbAQLP

exports[`Block Renders correctly 1`] = `ShallowWrapper {}`;
